// Jest Snapshot v1, https://goo.gl/fbAQLP

exports[`AboutPage component renders the UI as expected 1`] = `
Array [
  <nav
    className="nav-bar"
  >
    <ul
      className="link-list"
    >
      <a
        href="/search"
        onClick={[Function]}
        style={
          Object {
            "textDecoration": "none",
          }
        }
      >
        <li
          className="nav-link"
        >
          Progression Randomizer
        </li>
      </a>
      <a
        href="/full-search"
        onClick={[Function]}
        style={
          Object {
            "textDecoration": "none",
          }
        }
      >
        <li
          className="nav-link"
        >
          Chords by Key
        </li>
      </a>
      <a
        href="/about"
        onClick={[Function]}
        style={
          Object {
            "textDecoration": "none",
          }
        }
      >
        <li
          className="nav-link"
        >
          About
        </li>
      </a>
    </ul>
  </nav>,
  <section
    className="about-page"
  >
    <div
      className="about-image"
    >
      <div
        className="about-text"
      >
        <section>
          <h1
            className="light-header-h1"
          >
            Chord Courier
          </h1>
          <h2
            className="light-header-h2"
          >
            Delivering fresh chords
          </h2>
        </section>
        <h3
          className="about-h3"
        >
          your catalyst for musical inspiration
        </h3>
        <p
          className="about-p"
        >
          Chord Courier allows you to explore guitar chords, generating common four chord progressions that you can customize from the chord gallery to make your own. Use the progression randomizer as a launch point for your songwriting and musical discovery.
        </p>
        <h4
          className="about-h4"
        >
          Explore chord by key
        </h4>
        <p
          className="about-p"
        >
          Feel free to search through all chords in a given key to build your own progressions. Take some time to expand your chord knowledge.
        </p>
        <h4
          className="about-h5"
        >
          More chords coming
        </h4>
        <p
          className="about-p"
        >
          More chords will be added as time allows...
        </p>
      </div>
    </div>
  </section>,
]
`;
