// Jest Snapshot v1, https://goo.gl/fbAQLP

exports[`ChordDisplay component renders the display correctly 1`] = `
<ul
  className="grid"
>
  <li
    className="grid-item"
    key="0"
  >
    <ChordGallery
      chords={
        Array [
          Object {
            "chord_code": "0,x,2,1,o,0,o",
            "chord_name": "C major",
            "fifth": "G",
            "fourth": "F",
            "id": 3,
            "notation": "C",
            "second": "Dm",
            "seventh": "Bdim",
            "sixth": "Am",
            "tag": "basic, beginner, open",
            "third": "Em",
            "tonic": "C",
            "variation": "1",
          },
          Object {
            "chord_code": "0,x,2,1,o,2,2",
            "chord_name": "C major add9",
            "fifth": "G",
            "fourth": "F",
            "id": 39,
            "notation": "C",
            "second": "Dm",
            "seventh": "Bdim",
            "sixth": "Am",
            "tag": "jazz, open",
            "third": "Em",
            "tonic": "C",
            "variation": "2",
          },
          Object {
            "chord_code": "3,x,0,2,o,o,o",
            "chord_name": "C major 7",
            "fifth": "G",
            "fourth": "F",
            "id": 40,
            "notation": "C",
            "second": "Dm",
            "seventh": "Bdim",
            "sixth": "Am",
            "tag": "dissonant, open, seventh",
            "third": "Em",
            "tonic": "C",
            "variation": "3",
          },
          Object {
            "chord_code": "8,0,2,1,1,0,0,b",
            "chord_name": "C major 7",
            "fifth": "G",
            "fourth": "F",
            "id": 44,
            "notation": "C",
            "second": "Dm",
            "seventh": "Bdim",
            "sixth": "Am",
            "tag": "intermediate, seventh",
            "third": "Em",
            "tonic": "C",
            "variation": "4",
          },
          Object {
            "chord_code": "3,0,2,2,x,x,x",
            "chord_name": "C5",
            "fifth": "G",
            "fourth": "F",
            "id": 59,
            "notation": "C",
            "second": "Dm",
            "seventh": "Bdim",
            "sixth": "Am",
            "tag": "basic, rock, blues, power chord",
            "third": "Em",
            "tonic": "C",
            "variation": "5",
          },
          Object {
            "chord_code": "0,o,2,x,o,2,o",
            "chord_name": "Cadd9",
            "fifth": "G",
            "fourth": "F",
            "id": 65,
            "notation": "C",
            "second": "Dm",
            "seventh": "Bdim",
            "sixth": "Am",
            "tag": "intermediate, rock, blues",
            "third": "Em",
            "tonic": "C",
            "variation": "6",
          },
          Object {
            "chord_code": "0,2,2,1,o,o,o",
            "chord_name": "CMaj7/G",
            "fifth": "G",
            "fourth": "F",
            "id": 74,
            "notation": "C",
            "second": "Dm",
            "seventh": "Bdim",
            "sixth": "Am",
            "tag": "intermediate, seventh",
            "third": "Em",
            "tonic": "C",
            "variation": "7",
          },
        ]
      }
    />
  </li>
  <li
    className="grid-item"
    key="1"
  >
    <ChordGallery
      chords={
        Array [
          Object {
            "chord_code": "0,2,1,o,o,2,2",
            "chord_name": "G major",
            "fifth": "G",
            "fourth": "F",
            "id": 7,
            "notation": "G",
            "second": "Dm",
            "seventh": "Bdim",
            "sixth": "Am",
            "tag": "basic, beginner, open",
            "third": "Em",
            "tonic": "C",
            "variation": "1",
          },
          Object {
            "chord_code": "10,x,x,2,o,2,o",
            "chord_name": "G major",
            "fifth": "G",
            "fourth": "F",
            "id": 43,
            "notation": "G",
            "second": "Dm",
            "seventh": "Bdim",
            "sixth": "Am",
            "tag": "intermediate",
            "third": "Em",
            "tonic": "C",
            "variation": "3",
          },
          Object {
            "chord_code": "0,2,1,o,o,o,0",
            "chord_name": "G major 7",
            "fifth": "G",
            "fourth": "F",
            "id": 46,
            "notation": "G",
            "second": "Dm",
            "seventh": "Bdim",
            "sixth": "Am",
            "tag": "intermediate, seventh",
            "third": "Em",
            "tonic": "C",
            "variation": "4",
          },
          Object {
            "chord_code": "7,x,x,o,0,1,0",
            "chord_name": "G major/D",
            "fifth": "G",
            "fourth": "F",
            "id": 52,
            "notation": "G",
            "second": "Dm",
            "seventh": "Bdim",
            "sixth": "Am",
            "tag": "intermediate",
            "third": "Em",
            "tonic": "C",
            "variation": "5",
          },
          Object {
            "chord_code": "3,0,2,2,x,x,x",
            "chord_name": "G5",
            "fifth": "G",
            "fourth": "F",
            "id": 58,
            "notation": "G",
            "second": "Dm",
            "seventh": "Bdim",
            "sixth": "Am",
            "tag": "basic, rock, blues, power chord",
            "third": "Em",
            "tonic": "C",
            "variation": "6",
          },
          Object {
            "chord_code": "3,0,2,1,3,o,x",
            "chord_name": "GMaj7 add#11",
            "fifth": "G",
            "fourth": "F",
            "id": 69,
            "notation": "G",
            "second": "Dm",
            "seventh": "Bdim",
            "sixth": "Am",
            "tag": "advanced, seventh",
            "third": "Em",
            "tonic": "C",
            "variation": "7",
          },
          Object {
            "chord_code": "0,2,x,o,1,2,2",
            "chord_name": "G5 add9",
            "fifth": "G",
            "fourth": "F",
            "id": 75,
            "notation": "G",
            "second": "Dm",
            "seventh": "Bdim",
            "sixth": "Am",
            "tag": "intermediate, power chord",
            "third": "Em",
            "tonic": "C",
            "variation": "8",
          },
          Object {
            "chord_code": "7,0,3,2,0,0,0,b",
            "chord_name": "GMaj7/B",
            "fifth": "G",
            "fourth": "F",
            "id": 92,
            "notation": "G",
            "second": "Dm",
            "seventh": "Bdim",
            "sixth": "Am",
            "tag": "advanced, seventh",
            "third": "Em",
            "tonic": "C",
            "variation": "9",
          },
        ]
      }
    />
  </li>
  <li
    className="grid-item"
    key="2"
  >
    <ChordGallery
      chords={
        Array [
          Object {
            "chord_code": "0,x,o,1,1,0,o",
            "chord_name": "A minor",
            "fifth": "G",
            "fourth": "F",
            "id": 8,
            "notation": "Am",
            "second": "Dm",
            "seventh": "Bdim",
            "sixth": "Am",
            "tag": "basic, beginner, open",
            "third": "Em",
            "tonic": "C",
            "variation": "1",
          },
          Object {
            "chord_code": "0,x,o,1,o,2,2",
            "chord_name": "A minor 7 sus4",
            "fifth": "G",
            "fourth": "F",
            "id": 37,
            "notation": "Am",
            "second": "Dm",
            "seventh": "Bdim",
            "sixth": "Am",
            "tag": "jazz, open, seventh",
            "third": "Em",
            "tonic": "C",
            "variation": "2",
          },
          Object {
            "chord_code": "5,x,o,0,0,0,2,b",
            "chord_name": "A minor 9",
            "fifth": "G",
            "fourth": "F",
            "id": 53,
            "notation": "Am",
            "second": "Dm",
            "seventh": "Bdim",
            "sixth": "Am",
            "tag": "intermediate, jazz, mellow",
            "third": "Em",
            "tonic": "C",
            "variation": "3",
          },
          Object {
            "chord_code": "4,x,o,0,1,1,3",
            "chord_name": "Amin#6 add9",
            "fifth": "G",
            "fourth": "F",
            "id": 70,
            "notation": "Am",
            "second": "Dm",
            "seventh": "Bdim",
            "sixth": "Am",
            "tag": "advanced",
            "third": "Em",
            "tonic": "C",
            "variation": "4",
          },
          Object {
            "chord_code": "12,0,0,2,o,1,3",
            "chord_name": "Amin7/E",
            "fifth": "G",
            "fourth": "F",
            "id": 77,
            "notation": "Am",
            "second": "Dm",
            "seventh": "Bdim",
            "sixth": "Am",
            "tag": "advanced, seventh",
            "third": "Em",
            "tonic": "C",
            "variation": "5",
          },
          Object {
            "chord_code": "5,x,o,0,1,1,o",
            "chord_name": "Amin6",
            "fifth": "G",
            "fourth": "F",
            "id": 83,
            "notation": "Am",
            "second": "Dm",
            "seventh": "Bdim",
            "sixth": "Am",
            "tag": "intermediate",
            "third": "Em",
            "tonic": "C",
            "variation": "6",
          },
          Object {
            "chord_code": "9,x,o,o,1,2,0",
            "chord_name": "A minor",
            "fifth": "G",
            "fourth": "F",
            "id": 86,
            "notation": "Am",
            "second": "Dm",
            "seventh": "Bdim",
            "sixth": "Am",
            "tag": "intermediate",
            "third": "Em",
            "tonic": "C",
            "variation": "7",
          },
          Object {
            "chord_code": "5,x,o,1,0,0,o",
            "chord_name": "Amin/Maj7",
            "fifth": "G",
            "fourth": "F",
            "id": 93,
            "notation": "Am",
            "second": "Dm",
            "seventh": "Bdim",
            "sixth": "Am",
            "tag": "advanced, seventh, jazz",
            "third": "Em",
            "tonic": "C",
            "variation": "8",
          },
        ]
      }
    />
  </li>
  <li
    className="grid-item"
    key="3"
  >
    <ChordGallery
      chords={
        Array [
          Object {
            "chord_code": "0,2,1,o,o,2,2",
            "chord_name": "G major",
            "fifth": "G",
            "fourth": "F",
            "id": 7,
            "notation": "G",
            "second": "Dm",
            "seventh": "Bdim",
            "sixth": "Am",
            "tag": "basic, beginner, open",
            "third": "Em",
            "tonic": "C",
            "variation": "1",
          },
          Object {
            "chord_code": "10,x,x,2,o,2,o",
            "chord_name": "G major",
            "fifth": "G",
            "fourth": "F",
            "id": 43,
            "notation": "G",
            "second": "Dm",
            "seventh": "Bdim",
            "sixth": "Am",
            "tag": "intermediate",
            "third": "Em",
            "tonic": "C",
            "variation": "3",
          },
          Object {
            "chord_code": "0,2,1,o,o,o,0",
            "chord_name": "G major 7",
            "fifth": "G",
            "fourth": "F",
            "id": 46,
            "notation": "G",
            "second": "Dm",
            "seventh": "Bdim",
            "sixth": "Am",
            "tag": "intermediate, seventh",
            "third": "Em",
            "tonic": "C",
            "variation": "4",
          },
          Object {
            "chord_code": "7,x,x,o,0,1,0",
            "chord_name": "G major/D",
            "fifth": "G",
            "fourth": "F",
            "id": 52,
            "notation": "G",
            "second": "Dm",
            "seventh": "Bdim",
            "sixth": "Am",
            "tag": "intermediate",
            "third": "Em",
            "tonic": "C",
            "variation": "5",
          },
          Object {
            "chord_code": "3,0,2,2,x,x,x",
            "chord_name": "G5",
            "fifth": "G",
            "fourth": "F",
            "id": 58,
            "notation": "G",
            "second": "Dm",
            "seventh": "Bdim",
            "sixth": "Am",
            "tag": "basic, rock, blues, power chord",
            "third": "Em",
            "tonic": "C",
            "variation": "6",
          },
          Object {
            "chord_code": "3,0,2,1,3,o,x",
            "chord_name": "GMaj7 add#11",
            "fifth": "G",
            "fourth": "F",
            "id": 69,
            "notation": "G",
            "second": "Dm",
            "seventh": "Bdim",
            "sixth": "Am",
            "tag": "advanced, seventh",
            "third": "Em",
            "tonic": "C",
            "variation": "7",
          },
          Object {
            "chord_code": "0,2,x,o,1,2,2",
            "chord_name": "G5 add9",
            "fifth": "G",
            "fourth": "F",
            "id": 75,
            "notation": "G",
            "second": "Dm",
            "seventh": "Bdim",
            "sixth": "Am",
            "tag": "intermediate, power chord",
            "third": "Em",
            "tonic": "C",
            "variation": "8",
          },
          Object {
            "chord_code": "7,0,3,2,0,0,0,b",
            "chord_name": "GMaj7/B",
            "fifth": "G",
            "fourth": "F",
            "id": 92,
            "notation": "G",
            "second": "Dm",
            "seventh": "Bdim",
            "sixth": "Am",
            "tag": "advanced, seventh",
            "third": "Em",
            "tonic": "C",
            "variation": "9",
          },
        ]
      }
    />
  </li>
</ul>
`;
